============================= test session starts ==============================
platform darwin -- Python 3.11.13, pytest-8.4.2, pluggy-1.6.0 -- /Users/odosmatthews/.pyenv/versions/3.11.13/bin/python
cachedir: .pytest_cache
hypothesis profile 'default'
benchmark: 5.1.0 (defaults: timer=time.perf_counter disable_gc=False min_rounds=5 min_time=0.000005 max_time=1.0 calibration_precision=10 warmup=False warmup_iterations=100000)
rootdir: /Users/odosmatthews/Documents/coding/sparkless
configfile: pyproject.toml
plugins: anyio-4.11.0, typeguard-4.4.4, green-light-0.2.0, xdist-3.8.0, timeout-2.4.0, hypothesis-6.140.3, asyncio-1.3.0, Faker-37.11.0, benchmark-5.1.0, cov-7.0.0, async-sqlalchemy-0.2.0
asyncio: mode=Mode.STRICT, debug=False, asyncio_default_fixture_loop_scope=None, asyncio_default_test_loop_scope=function
collecting ... collected 1539 items / 6 errors

==================================== ERRORS ====================================
________ ERROR collecting tests/archive/api_parity/test_aggregations.py ________
ImportError while importing test module '/Users/odosmatthews/Documents/coding/sparkless/tests/archive/api_parity/test_aggregations.py'.
Hint: make sure your test modules/packages have valid Python names.
Traceback:
../../../.pyenv/versions/3.11.13/lib/python3.11/site-packages/_pytest/python.py:498: in importtestmodule
    mod = import_path(
../../../.pyenv/versions/3.11.13/lib/python3.11/site-packages/_pytest/pathlib.py:587: in import_path
    importlib.import_module(module_name)
../../../.pyenv/versions/3.11.13/lib/python3.11/importlib/__init__.py:126: in import_module
    return _bootstrap._gcd_import(name[level:], package, level)
           ^^^^^^^^^^^^^^^^^^^^^^^^^^^^^^^^^^^^^^^^^^^^^^^^^^^^
<frozen importlib._bootstrap>:1204: in _gcd_import
    ???
<frozen importlib._bootstrap>:1176: in _find_and_load
    ???
<frozen importlib._bootstrap>:1147: in _find_and_load_unlocked
    ???
<frozen importlib._bootstrap>:690: in _load_unlocked
    ???
../../../.pyenv/versions/3.11.13/lib/python3.11/site-packages/_pytest/assertion/rewrite.py:186: in exec_module
    exec(co, module.__dict__)
tests/archive/api_parity/test_aggregations.py:8: in <module>
    from tests.api_parity.conftest import ParityTestBase, compare_aggregations
E   ModuleNotFoundError: No module named 'tests.api_parity'
______ ERROR collecting tests/archive/api_parity/test_basic_operations.py ______
ImportError while importing test module '/Users/odosmatthews/Documents/coding/sparkless/tests/archive/api_parity/test_basic_operations.py'.
Hint: make sure your test modules/packages have valid Python names.
Traceback:
../../../.pyenv/versions/3.11.13/lib/python3.11/site-packages/_pytest/python.py:498: in importtestmodule
    mod = import_path(
../../../.pyenv/versions/3.11.13/lib/python3.11/site-packages/_pytest/pathlib.py:587: in import_path
    importlib.import_module(module_name)
../../../.pyenv/versions/3.11.13/lib/python3.11/importlib/__init__.py:126: in import_module
    return _bootstrap._gcd_import(name[level:], package, level)
           ^^^^^^^^^^^^^^^^^^^^^^^^^^^^^^^^^^^^^^^^^^^^^^^^^^^^
<frozen importlib._bootstrap>:1204: in _gcd_import
    ???
<frozen importlib._bootstrap>:1176: in _find_and_load
    ???
<frozen importlib._bootstrap>:1147: in _find_and_load_unlocked
    ???
<frozen importlib._bootstrap>:690: in _load_unlocked
    ???
../../../.pyenv/versions/3.11.13/lib/python3.11/site-packages/_pytest/assertion/rewrite.py:186: in exec_module
    exec(co, module.__dict__)
tests/archive/api_parity/test_basic_operations.py:8: in <module>
    from tests.api_parity.conftest import ParityTestBase, compare_dataframes
E   ModuleNotFoundError: No module named 'tests.api_parity'
____ ERROR collecting tests/archive/api_parity/test_datetime_operations.py _____
ImportError while importing test module '/Users/odosmatthews/Documents/coding/sparkless/tests/archive/api_parity/test_datetime_operations.py'.
Hint: make sure your test modules/packages have valid Python names.
Traceback:
../../../.pyenv/versions/3.11.13/lib/python3.11/site-packages/_pytest/python.py:498: in importtestmodule
    mod = import_path(
../../../.pyenv/versions/3.11.13/lib/python3.11/site-packages/_pytest/pathlib.py:587: in import_path
    importlib.import_module(module_name)
../../../.pyenv/versions/3.11.13/lib/python3.11/importlib/__init__.py:126: in import_module
    return _bootstrap._gcd_import(name[level:], package, level)
           ^^^^^^^^^^^^^^^^^^^^^^^^^^^^^^^^^^^^^^^^^^^^^^^^^^^^
<frozen importlib._bootstrap>:1204: in _gcd_import
    ???
<frozen importlib._bootstrap>:1176: in _find_and_load
    ???
<frozen importlib._bootstrap>:1147: in _find_and_load_unlocked
    ???
<frozen importlib._bootstrap>:690: in _load_unlocked
    ???
../../../.pyenv/versions/3.11.13/lib/python3.11/site-packages/_pytest/assertion/rewrite.py:186: in exec_module
    exec(co, module.__dict__)
tests/archive/api_parity/test_datetime_operations.py:8: in <module>
    from tests.api_parity.conftest import ParityTestBase, compare_dataframes
E   ModuleNotFoundError: No module named 'tests.api_parity'
_____ ERROR collecting tests/archive/api_parity/test_string_operations.py ______
ImportError while importing test module '/Users/odosmatthews/Documents/coding/sparkless/tests/archive/api_parity/test_string_operations.py'.
Hint: make sure your test modules/packages have valid Python names.
Traceback:
../../../.pyenv/versions/3.11.13/lib/python3.11/site-packages/_pytest/python.py:498: in importtestmodule
    mod = import_path(
../../../.pyenv/versions/3.11.13/lib/python3.11/site-packages/_pytest/pathlib.py:587: in import_path
    importlib.import_module(module_name)
../../../.pyenv/versions/3.11.13/lib/python3.11/importlib/__init__.py:126: in import_module
    return _bootstrap._gcd_import(name[level:], package, level)
           ^^^^^^^^^^^^^^^^^^^^^^^^^^^^^^^^^^^^^^^^^^^^^^^^^^^^
<frozen importlib._bootstrap>:1204: in _gcd_import
    ???
<frozen importlib._bootstrap>:1176: in _find_and_load
    ???
<frozen importlib._bootstrap>:1147: in _find_and_load_unlocked
    ???
<frozen importlib._bootstrap>:690: in _load_unlocked
    ???
../../../.pyenv/versions/3.11.13/lib/python3.11/site-packages/_pytest/assertion/rewrite.py:186: in exec_module
    exec(co, module.__dict__)
tests/archive/api_parity/test_string_operations.py:8: in <module>
    from tests.api_parity.conftest import ParityTestBase, compare_dataframes
E   ModuleNotFoundError: No module named 'tests.api_parity'
________ ERROR collecting tests/archive/api_parity/test_type_casting.py ________
ImportError while importing test module '/Users/odosmatthews/Documents/coding/sparkless/tests/archive/api_parity/test_type_casting.py'.
Hint: make sure your test modules/packages have valid Python names.
Traceback:
../../../.pyenv/versions/3.11.13/lib/python3.11/site-packages/_pytest/python.py:498: in importtestmodule
    mod = import_path(
../../../.pyenv/versions/3.11.13/lib/python3.11/site-packages/_pytest/pathlib.py:587: in import_path
    importlib.import_module(module_name)
../../../.pyenv/versions/3.11.13/lib/python3.11/importlib/__init__.py:126: in import_module
    return _bootstrap._gcd_import(name[level:], package, level)
           ^^^^^^^^^^^^^^^^^^^^^^^^^^^^^^^^^^^^^^^^^^^^^^^^^^^^
<frozen importlib._bootstrap>:1204: in _gcd_import
    ???
<frozen importlib._bootstrap>:1176: in _find_and_load
    ???
<frozen importlib._bootstrap>:1147: in _find_and_load_unlocked
    ???
<frozen importlib._bootstrap>:690: in _load_unlocked
    ???
../../../.pyenv/versions/3.11.13/lib/python3.11/site-packages/_pytest/assertion/rewrite.py:186: in exec_module
    exec(co, module.__dict__)
tests/archive/api_parity/test_type_casting.py:8: in <module>
    from tests.api_parity.conftest import ParityTestBase, compare_dataframes
E   ModuleNotFoundError: No module named 'tests.api_parity'
_____ ERROR collecting tests/archive/api_parity/test_window_operations.py ______
ImportError while importing test module '/Users/odosmatthews/Documents/coding/sparkless/tests/archive/api_parity/test_window_operations.py'.
Hint: make sure your test modules/packages have valid Python names.
Traceback:
../../../.pyenv/versions/3.11.13/lib/python3.11/site-packages/_pytest/python.py:498: in importtestmodule
    mod = import_path(
../../../.pyenv/versions/3.11.13/lib/python3.11/site-packages/_pytest/pathlib.py:587: in import_path
    importlib.import_module(module_name)
../../../.pyenv/versions/3.11.13/lib/python3.11/importlib/__init__.py:126: in import_module
    return _bootstrap._gcd_import(name[level:], package, level)
           ^^^^^^^^^^^^^^^^^^^^^^^^^^^^^^^^^^^^^^^^^^^^^^^^^^^^
<frozen importlib._bootstrap>:1204: in _gcd_import
    ???
<frozen importlib._bootstrap>:1176: in _find_and_load
    ???
<frozen importlib._bootstrap>:1147: in _find_and_load_unlocked
    ???
<frozen importlib._bootstrap>:690: in _load_unlocked
    ???
../../../.pyenv/versions/3.11.13/lib/python3.11/site-packages/_pytest/assertion/rewrite.py:186: in exec_module
    exec(co, module.__dict__)
tests/archive/api_parity/test_window_operations.py:8: in <module>
    from tests.api_parity.conftest import ParityTestBase, compare_dataframes
E   ModuleNotFoundError: No module named 'tests.api_parity'
=========================== short test summary info ============================
ERROR tests/archive/api_parity/test_aggregations.py
ERROR tests/archive/api_parity/test_basic_operations.py
ERROR tests/archive/api_parity/test_datetime_operations.py
ERROR tests/archive/api_parity/test_string_operations.py
ERROR tests/archive/api_parity/test_type_casting.py
ERROR tests/archive/api_parity/test_window_operations.py
!!!!!!!!!!!!!!!!!!! Interrupted: 6 errors during collection !!!!!!!!!!!!!!!!!!!!
============================== 6 errors in 2.75s ===============================
